[revolution641.github.io/plants_vs_zombies_2/index.html]
[backblue.gif]
[fade.gif]
[index.html]
[revolution641.github.io/plants_vs_zombies_2/css/style.css]
[revolution641.github.io/plants_vs_zombies_2/index.html]
[revolution641.github.io/plants_vs_zombies_2/js/script.js]
[revolution641.github.io/plants_vs_zombies_2/images/sun.jpg]
[revolution641.github.io/plants_vs_zombies_2/images/area.jpg]
[revolution641.github.io/plants_vs_zombies_2/images/pan.jpg]
[revolution641.github.io/plants_vs_zombies_2/images/plantsun.jpg]
[revolution641.github.io/plants_vs_zombies_2/images/plantattack.jpg]
[revolution641.github.io/plants_vs_zombies_2/images/lapoff.jpg]
[revolution641.github.io/plants_vs_zombies_2/images/lap.jpg]
[revolution641.github.io/plants_vs_zombies_2/images/su.png]
[revolution641.github.io/plants_vs_zombies_2/images/attack.png]
[revolution641.github.io/plants_vs_zombies_2/images/lapcurs.png]
[revolution641.github.io/plants_vs_zombies_2/images/s.png]
[revolution641.github.io/plants_vs_zombies_2/images/zombie.png]
[revolution641.github.io/plants_vs_zombies_2/images/zombirLev.png]
[revolution641.github.io/plants_vs_zombies_2/images/zombhead.png]
[revolution641.github.io/plants_vs_zombies_2/css/style.css]
